// Jest Snapshot v1, https://goo.gl/fbAQLP

exports[`Details should match snapshot 1`] = `
<RNCSafeAreaView
  style={
    Object {
      "flex": 1,
    }
  }
>
  <View
    accessibilityRole="button"
    accessible={true}
    focusable={true}
    onClick={[Function]}
    onResponderGrant={[Function]}
    onResponderMove={[Function]}
    onResponderRelease={[Function]}
    onResponderTerminate={[Function]}
    onResponderTerminationRequest={[Function]}
    onStartShouldSetResponder={[Function]}
    style={
      Object {
        "alignSelf": "flex-start",
        "marginBottom": 16,
        "marginLeft": 14,
        "opacity": 1,
      }
    }
  >
    <svg
      data-file-name="SvgBack"
      height={32}
      width={32}
    />
  </View>
  <RCTScrollView
    style={
      Object {
        "paddingHorizontal": 20,
      }
    }
  >
    <View>
      <Text
        style={
          Object {
            "color": "#24292f",
            "fontFamily": "Helvetica",
            "fontSize": 24,
            "fontWeight": "300",
            "lineHeight": 36,
            "marginBottom": 16,
          }
        }
      >
        title
      </Text>
      <View
        style={
          Array [
            Object {
              "alignItems": "center",
              "alignSelf": "flex-start",
              "backgroundColor": "rgb(45, 164, 78)",
              "borderRadius": 28,
              "flexDirection": "row",
              "height": 32,
              "paddingHorizontal": 12,
            },
            undefined,
          ]
        }
      >
        <svg
          data-file-name="SvgOpenIssueWhite"
        />
        <Text
          style={
            Object {
              "color": "#fff",
              "fontFamily": "Helvetica",
              "fontSize": 14,
              "fontWeight": "500",
              "lineHeight": 20,
            }
          }
        >
           Open
        </Text>
      </View>
      <View
        style={
          Object {
            "backgroundColor": "rgb(208, 215, 222)",
            "height": 1,
            "marginVertical": 16,
          }
        }
      />
      <View
        style={
          Array [
            Object {
              "flexDirection": "row",
            },
            undefined,
          ]
        }
      >
        <Image
          accessibilityIgnoresInvertColors={true}
          source={
            Object {
              "uri": "",
            }
          }
          style={
            Object {
              "borderRadius": 20,
              "height": 40,
              "marginRight": 16,
              "width": 40,
            }
          }
        />
        <View
          style={
            Object {
              "borderColor": "rgb(208, 215, 222)",
              "borderRadius": 6,
              "borderWidth": 1,
              "flex": 1,
            }
          }
        >
          <View
            style={
              Object {
                "backgroundColor": "rgb(246, 248, 250)",
                "borderBottomWidth": 1,
                "borderColor": "rgb(208, 215, 222)",
                "borderTopLeftRadius": 6,
                "borderTopRightRadius": 6,
                "minHeight": 39,
                "paddingHorizontal": 16,
                "paddingVertical": 8,
              }
            }
          >
            <Text>
              login
            </Text>
            <Text>
              commented on 
              23/04/2012, 21:25:43
            </Text>
          </View>
          <View
            style={
              Object {
                "minHeight": 53,
                "padding": 16,
              }
            }
          >
            <Text>
              body
            </Text>
          </View>
        </View>
      </View>
    </View>
  </RCTScrollView>
</RNCSafeAreaView>
`;

exports[`Details should match snapshot and call back correctly 1`] = `
<RNCSafeAreaView
  style={
    Object {
      "flex": 1,
    }
  }
>
  <View
    accessibilityRole="button"
    accessible={true}
    focusable={true}
    onClick={[Function]}
    onResponderGrant={[Function]}
    onResponderMove={[Function]}
    onResponderRelease={[Function]}
    onResponderTerminate={[Function]}
    onResponderTerminationRequest={[Function]}
    onStartShouldSetResponder={[Function]}
    style={
      Object {
        "alignSelf": "flex-start",
        "marginBottom": 16,
        "marginLeft": 14,
        "opacity": 1,
      }
    }
  >
    <svg
      data-file-name="SvgBack"
      height={32}
      width={32}
    />
  </View>
  <RCTScrollView
    style={
      Object {
        "paddingHorizontal": 20,
      }
    }
  >
    <View>
      <Text
        style={
          Object {
            "color": "#24292f",
            "fontFamily": "Helvetica",
            "fontSize": 24,
            "fontWeight": "300",
            "lineHeight": 36,
            "marginBottom": 16,
          }
        }
      >
        title
      </Text>
      <View
        style={
          Array [
            Object {
              "alignItems": "center",
              "alignSelf": "flex-start",
              "backgroundColor": "rgb(45, 164, 78)",
              "borderRadius": 28,
              "flexDirection": "row",
              "height": 32,
              "paddingHorizontal": 12,
            },
            undefined,
          ]
        }
      >
        <svg
          data-file-name="SvgOpenIssueWhite"
        />
        <Text
          style={
            Object {
              "color": "#fff",
              "fontFamily": "Helvetica",
              "fontSize": 14,
              "fontWeight": "500",
              "lineHeight": 20,
            }
          }
        >
           Open
        </Text>
      </View>
      <View
        style={
          Object {
            "backgroundColor": "rgb(208, 215, 222)",
            "height": 1,
            "marginVertical": 16,
          }
        }
      />
      <View
        style={
          Array [
            Object {
              "flexDirection": "row",
            },
            undefined,
          ]
        }
      >
        <Image
          accessibilityIgnoresInvertColors={true}
          source={
            Object {
              "uri": "",
            }
          }
          style={
            Object {
              "borderRadius": 20,
              "height": 40,
              "marginRight": 16,
              "width": 40,
            }
          }
        />
        <View
          style={
            Object {
              "borderColor": "rgb(208, 215, 222)",
              "borderRadius": 6,
              "borderWidth": 1,
              "flex": 1,
            }
          }
        >
          <View
            style={
              Object {
                "backgroundColor": "rgb(246, 248, 250)",
                "borderBottomWidth": 1,
                "borderColor": "rgb(208, 215, 222)",
                "borderTopLeftRadius": 6,
                "borderTopRightRadius": 6,
                "minHeight": 39,
                "paddingHorizontal": 16,
                "paddingVertical": 8,
              }
            }
          >
            <Text>
              login
            </Text>
            <Text>
              commented on 
              23/04/2012, 21:25:43
            </Text>
          </View>
          <View
            style={
              Object {
                "minHeight": 53,
                "padding": 16,
              }
            }
          >
            <Text>
              body
            </Text>
          </View>
        </View>
      </View>
    </View>
  </RCTScrollView>
</RNCSafeAreaView>
`;
